// Jest Snapshot v1, https://goo.gl/fbAQLP

exports[`Breadcrumbs component should match snapshot 1`] = `
<styled.section>
  <nav>
    <ol
      className="breadcrumbs__list"
    >
      <BreadcrumbItem
        link="#home"
        name="Home"
      />
      <BreadcrumbItem
        link="#home"
        name="Infantil"
      />
    </ol>
  </nav>
</styled.section>
`;
