// Jest Snapshot v1, https://goo.gl/fbAQLP

exports[`Breadcrumbs component should match snapshot 1`] = `
<section
  class="sc-gtsrHT oqtMB"
>
  <nav>
    <ol
      class="breadcrumbs__list"
    >
      <div
        class="sc-bdnxRM dhyORQ"
      >
        <a
          class="breadcrumbs__link"
          href="#home"
        >
          Home
        </a>
        <span
          class="breadcrumbs__item  breadcrumbs__separator"
        >
          /
        </span>
      </div>
      <div
        class="sc-bdnxRM dhyORQ"
      >
        <a
          class="breadcrumbs__link"
          href="#home"
        >
          Infantil
        </a>
        <span
          class="breadcrumbs__item  breadcrumbs__separator"
        >
          /
        </span>
      </div>
    </ol>
  </nav>
</section>
`;
