// Jest Snapshot v1, https://goo.gl/fbAQLP

exports[`App component should match snapshot 1`] = `
Object {
  "asFragment": [Function],
  "baseElement": <body>
    <div>
      <div
        style="position: relative;"
      >
        <div
          class="loading"
        />
        <div
          class="page-container"
        >
          <div
            data-testid="empty"
          />
          <header
            class="sc-gtsrHT iARwJj"
          >
            <div
              class="header__container"
            >
              <div
                class="header__mobile"
              >
                <div
                  class="header__drawer menu header__drawer--active"
                >
                  <img
                    alt="menu"
                    class="menu__img"
                    src="assets/menu.svg"
                  />
                  <p
                    class="menu__title"
                  >
                    menu
                  </p>
                </div>
                <div
                  class="header__drawer close"
                >
                  <img
                    alt="fechar menu"
                    src="assets/close.svg"
                  />
                  <p
                    class="close__title"
                  >
                    fechar
                  </p>
                </div>
                <h1
                  class="header__logo"
                >
                  <img
                    alt="Logo"
                    class="header__img"
                    src="assets/rchlo.svg"
                  />
                </h1>
              </div>
              <div
                class="header__desktop"
              >
                <h1
                  class="header__logo"
                >
                  <img
                    alt="Logo"
                    class="header__img"
                    src="assets/riachuelo.svg"
                  />
                </h1>
              </div>
              <div
                class="header__search"
              >
                <img
                  alt="lupa"
                  class="header__icon"
                  src="assets/search.svg"
                />
                <input
                  class="header__input"
                  placeholder="O que você está procurando?"
                  type="search"
                />
              </div>
              <nav
                class="header__menu menu"
              >
                <ul
                  class="menu__list"
                />
              </nav>
            </div>
          </header>
          <main
            class="sc-iCoGMd cyvjnw"
          >
            <section
              class="sc-hKFxyN lnIpsV"
            >
              <nav>
                <ol
                  class="breadcrumbs__list"
                />
              </nav>
            </section>
            <section
              class="sc-jSFjdj iAhyCY"
            >
              <ul
                class="filters__list"
              />
            </section>
            <section
              class="main__products products"
              data-testid="wrap"
            >
              <div
                class="products__row"
              >
                <ol
                  class="products__list"
                />
              </div>
              <div
                class="products__row"
              >
                <ol
                  class="products__list"
                />
              </div>
            </section>
          </main>
        </div>
        <footer
          class="sc-bdnxRM hYGqZW"
        >
          <section
            class="footer__contact"
          >
            <div
              class="footer__container contact"
            >
              <p
                class="contact__info"
              >
                Receba ofertas e novidades por e-mail
              </p>
              <form
                action="/"
              >
                <input
                  class="contact__input"
                  placeholder="Digite aqui seu e-mail"
                  type="email"
                />
                <button
                  class="contact__btn"
                  type="submit"
                >
                  <span
                    class="contact__btn__txt"
                  >
                    Cadastrar
                  </span>
                </button>
              </form>
              <p
                class="contact__msg-app"
              >
                Baixe nosso App
              </p>
              <div
                class="apps"
              >
                <a
                  href="#home"
                >
                  <img
                    alt="Google Play"
                    class="apps__img"
                    src="assets/google-play.webp"
                  />
                </a>
                <a
                  href="#home"
                >
                  <img
                    alt="App Store"
                    class="apps__img"
                    src="assets/app-store.webp"
                  />
                </a>
              </div>
            </div>
          </section>
          <section
            class="footer__links links"
          >
            <div
              class="footer__container links"
            >
              <div
                class="links__contacts"
              >
                <div
                  class="col"
                >
                  <a
                    class="contact-icon"
                    href="#home"
                  >
                    <img
                      alt="Atendimento"
                      class="contact-icon__img"
                      src="assets/ico-attendance.svg"
                    />
                    <p
                      class="contact-icon__text"
                    >
                      Atendimento
                    </p>
                  </a>
                  <a
                    class="contact-icon"
                    href="#home"
                  >
                    <img
                      alt="Perguntas Frequentes"
                      class="contact-icon__img"
                      src="assets/ico-faq.svg"
                    />
                    <p
                      class="contact-icon__text"
                    >
                      Perguntas Frequentes
                    </p>
                  </a>
                </div>
                <div
                  class="col"
                >
                  <a
                    class="contact-icon"
                    href="#home"
                  >
                    <img
                      alt="Fatura e Extrato"
                      class="contact-icon__img"
                      src="assets/ico-invoice-and-statement.svg"
                    />
                    <p
                      class="contact-icon__text"
                    >
                      Fatura e Extrato
                    </p>
                  </a>
                  <a
                    class="contact-icon"
                    href="#home"
                  >
                    <img
                      alt="Trabalhe Conosco"
                      class="contact-icon__img"
                      src="assets/ico-work-with-us.svg"
                    />
                    <p
                      class="contact-icon__text"
                    >
                      Trabalhe Conosco
                    </p>
                  </a>
                </div>
              </div>
              <hr
                class="links__separator"
              />
              <ul
                class="links__companies company-links"
              >
                <li
                  class="company-links"
                >
                  <h3
                    class="company-links__title"
                  >
                    Cartão Riachuelo
                  </h3>
                  <ul>
                    <li
                      class="company-links__item"
                    >
                      <a
                        class="company-links__text"
                        href="#home"
                      >
                        Midway Financeira
                      </a>
                    </li>
                    <li
                      class="company-links__item"
                    >
                      <a
                        class="company-links__text"
                        href="#home"
                      >
                        Saiba como adquirir
                      </a>
                    </li>
                    <li
                      class="company-links__item"
                    >
                      <a
                        class="company-links__text"
                        href="#home"
                      >
                        Veja sua fatura e extrato
                      </a>
                    </li>
                    <li
                      class="company-links__item"
                    >
                      <a
                        class="company-links__text"
                        href="#home"
                      >
                        Buscando quitar suas dívidas?
                      </a>
                    </li>
                  </ul>
                </li>
                <li
                  class="company-links"
                >
                  <h3
                    class="company-links__title"
                  >
                    Sobre a Riachuelo
                  </h3>
                  <ul>
                    <li
                      class="company-links__item"
                    >
                      <a
                        class="company-links__text"
                        href="#home"
                      >
                        A Empresa
                      </a>
                    </li>
                    <li
                      class="company-links__item"
                    >
                      <a
                        class="company-links__text"
                        href="#home"
                      >
                        Portal de Fornecedores
                      </a>
                    </li>
                    <li
                      class="company-links__item"
                    >
                      <a
                        class="company-links__text"
                        href="#home"
                      >
                        Relação com Investidores
                      </a>
                    </li>
                    <li
                      class="company-links__item"
                    >
                      <a
                        class="company-links__text"
                        href="#home"
                      >
                        Assessoria de Imprensa
                      </a>
                    </li>
                    <li
                      class="company-links__item"
                    >
                      <a
                        class="company-links__text"
                        href="#home"
                      >
                        Trabalhe Conosco
                      </a>
                    </li>
                    <li
                      class="company-links__item"
                    >
                      <a
                        class="company-links__text"
                        href="#home"
                      >
                        Programa Jovem Aprendiz
                      </a>
                    </li>
                    <li
                      class="company-links__item"
                    >
                      <a
                        class="company-links__text"
                        href="#home"
                      >
                        Cadastro de Startups
                      </a>
                    </li>
                    <li
                      class="company-links__item"
                    >
                      <a
                        class="company-links__text"
                        href="#home"
                      >
                         
                        Mapa do Site
                         
                      </a>
                    </li>
                    <li
                      class="company-links__item"
                    >
                      <a
                        class="company-links__text"
                        href="#home"
                      >
                         
                        Guide Shop
                         
                      </a>
                    </li>
                    <li
                      class="company-links__item"
                    >
                      <a
                        class="company-links__text"
                        href="#home"
                      >
                        Venda na Riachuelo Marketplace
                      </a>
                    </li>
                  </ul>
                </li>
                <li
                  class="company-links"
                >
                  <h3
                    class="company-links__title"
                  >
                    Moda que Transforma
                  </h3>
                  <ul>
                    <li
                      class="company-links__item"
                    >
                      <a
                        class="company-links__text"
                        href="#home"
                      >
                        Na prática
                      </a>
                    </li>
                    <li
                      class="company-links__item"
                    >
                      <a
                        class="company-links__text"
                        href="#home"
                      >
                        Entre Costuras
                      </a>
                    </li>
                    <li
                      class="company-links__item"
                    >
                      <a
                        class="company-links__text"
                        href="#home"
                      >
                        Jeans Mais Transparente
                      </a>
                    </li>
                    <li
                      class="company-links__item"
                    >
                      <a
                        class="company-links__text"
                        href="#home"
                      >
                        Ações Covid-19
                      </a>
                    </li>
                    <li
                      class="company-links__item"
                    >
                      <a
                        class="company-links__text"
                        href="#home"
                      >
                        Free Free
                      </a>
                    </li>
                  </ul>
                </li>
                <li
                  class="company-links"
                >
                  <h3
                    class="company-links__title"
                  >
                    Ajuda
                  </h3>
                  <ul>
                    <li
                      class="company-links__item"
                    >
                      <a
                        class="company-links__text"
                        href="#home"
                      >
                        Atendimento
                      </a>
                    </li>
                    <li
                      class="company-links__item"
                    >
                      <a
                        class="company-links__text"
                        href="#home"
                      >
                        Perguntas Frequentes
                      </a>
                    </li>
                    <li
                      class="company-links__item"
                    >
                      <a
                        class="company-links__text"
                        href="#home"
                      >
                        Trocas e Devoluções
                      </a>
                    </li>
                    <li
                      class="company-links__item"
                    >
                      <a
                        class="company-links__text"
                        href="#home"
                      >
                        Portal da Privacidade
                      </a>
                    </li>
                    <li
                      class="company-links__item"
                    >
                      <a
                        class="company-links__text"
                        href="#home"
                      >
                        Política de Privacidade
                      </a>
                    </li>
                    <li
                      class="company-links__item"
                    >
                      <a
                        class="company-links__text"
                        href="#home"
                      >
                        Termos e Condições de Uso
                      </a>
                    </li>
                    <li
                      class="company-links__item"
                    >
                      <a
                        class="company-links__text"
                        href="#home"
                      >
                        Regras e Resultados de Sorteios
                      </a>
                    </li>
                  </ul>
                </li>
              </ul>
            </div>
          </section>
          <section
            class="footer__payment"
          >
            <div
              class="footer__container payment"
            >
              <div
                class="payment__alternatives"
              >
                <h3
                  class="payment__title"
                >
                  Formas de Pagamento
                </h3>
                <img
                  alt=""
                  class="payment__img"
                  src="assets/ico-cartao-rchlo1.webp"
                />
                <img
                  alt=""
                  class="payment__img"
                  src="assets/ico-cartao-rchlo2.webp"
                />
                <img
                  alt=""
                  class="payment__img"
                  src="assets/ico-cartao-rchlo3.webp"
                />
                <img
                  alt=""
                  class="payment__img"
                  src="assets/ico-cartao-visa.png"
                />
                <img
                  alt=""
                  class="payment__img"
                  src="assets/ico-cartao-master.webp"
                />
                <img
                  alt=""
                  class="payment__img"
                  src="assets/ico-cartao-amex.webp"
                />
                <img
                  alt=""
                  class="payment__img"
                  src="assets/ico-cartao-diners.png"
                />
                <img
                  alt=""
                  class="payment__img"
                  src="assets/ico-cartao-elo.png"
                />
                <img
                  alt=""
                  class="payment__img"
                  src="assets/ico-boleto.webp"
                />
                <img
                  alt=""
                  class="payment__img"
                  src="assets/ico-paypal.png"
                />
              </div>
              <div
                class="payment__social"
              >
                <h3
                  class="payment__title"
                >
                  Siga a Riachuelo
                </h3>
                <div
                  class="social__icons"
                >
                  <div
                    class="social__icon icon"
                  >
                    <a
                      href="#home"
                    >
                      <img
                        alt=""
                        class="icon__img"
                        src="assets/ico-facebook.svg"
                      />
                    </a>
                  </div>
                  <div
                    class="social__icon icon"
                  >
                    <a
                      href="#home"
                    >
                      <img
                        alt=""
                        class="icon__img"
                        src="assets/ico-instagram.svg"
                      />
                    </a>
                    <p
                      class="icon__text"
                    >
                      RCHLO
                    </p>
                  </div>
                  <div
                    class="social__icon icon"
                  >
                    <a
                      href="#home"
                    >
                      <img
                        alt=""
                        class="icon__img"
                        src="assets/ico-instagram.svg"
                      />
                    </a>
                    <p
                      class="icon__text"
                    >
                      CASA RCHLO
                    </p>
                  </div>
                  <div
                    class="social__icon icon"
                  >
                    <a
                      href="#home"
                    >
                      <img
                        alt=""
                        class="icon__img"
                        src="assets/ico-pinterest.svg"
                      />
                    </a>
                  </div>
                  <div
                    class="social__icon icon"
                  >
                    <a
                      href="#home"
                    >
                      <img
                        alt=""
                        class="icon__img"
                        src="assets/ico-twitter.svg"
                      />
                    </a>
                  </div>
                  <div
                    class="social__icon icon"
                  >
                    <a
                      href="#home"
                    >
                      <img
                        alt=""
                        class="icon__img"
                        src="assets/ico-youtube.svg"
                      />
                    </a>
                  </div>
                  <div
                    class="social__icon icon"
                  >
                    <a
                      href="#home"
                    >
                      <img
                        alt=""
                        class="icon__img"
                        src="assets/ico-linkedin.svg"
                      />
                    </a>
                  </div>
                </div>
              </div>
              <div
                class="payment__accessibility"
              >
                <h3
                  class="payment__title"
                >
                  Acessibilidade
                </h3>
                <img
                  alt=""
                  src="assets/ico-a11y.webp"
                />
              </div>
            </div>
          </section>
          <section
            class="footer__bottom"
          >
            <div
              class="footer__container bottom"
            >
              <div
                class="copyright"
              >
                <p
                  class="copyright__text"
                >
                  © Copyright 2017 - 2019. Todos os direitos reservados. Lojas Riachuelo S/A. Rua Landri Sales, 1.070, G02 Anexo B, Guarulhos - SP - Brasil
                  <br />
                  CEP 07250-130 CNPJ 33.200.056/0441-97 | IE 796.420.926.112 | SAC 4003-0515.Direção de fotografia de produtos por Adriano Adrião.
                  <br />
                  Pagamento com Cartão Riachuelo, parcelas mínimas de R$ 15,00. Para os demais cartões Visa, Mastercard, Elo, Diners, Hipercard e American Express, parcelas mínimas de R$ 30,00.
                  <br />
                  * COMPRE NO SITE e RETIRE NA LOJA com FRETE GRÁTIS, conforme lojas participantes. Consulte as lojas participantes nas opções de frete do seu pedido, conforme CEP de entrega cadastrado.
                  <br />
                  Frete único de R$ 4,99 para Sul e Sudeste em compras a partir de R$ 129,00. Demais regiões o valor estará sujeito a variações. Condição por tempo indeterminado, para tipo de entrega “normal”.
                  <br />
                  Preços, promoções, condições de pagamento, valores de frete e disponibilidade de estoque são aplicados somente nas compras efetuadas na loja online Riachuelo. Existe uma limitação de peças iguais no mesmo pedido que muda de acordo com o tipo de produto.
                  <br />
                  Em caso de divergência de valores entre a página do produto e a Sacola de Compras, a Riachuelo se reserva a garantir o valor exibido na Sacola de Compras.
                </p>
              </div>
              <div
                class="copyright__stamp"
              >
                <img
                  alt=""
                  src="assets/ra1000.webp"
                />
              </div>
            </div>
          </section>
        </footer>
      </div>
    </div>
  </body>,
  "container": <div>
    <div
      style="position: relative;"
    >
      <div
        class="loading"
      />
      <div
        class="page-container"
      >
        <div
          data-testid="empty"
        />
        <header
          class="sc-gtsrHT iARwJj"
        >
          <div
            class="header__container"
          >
            <div
              class="header__mobile"
            >
              <div
                class="header__drawer menu header__drawer--active"
              >
                <img
                  alt="menu"
                  class="menu__img"
                  src="assets/menu.svg"
                />
                <p
                  class="menu__title"
                >
                  menu
                </p>
              </div>
              <div
                class="header__drawer close"
              >
                <img
                  alt="fechar menu"
                  src="assets/close.svg"
                />
                <p
                  class="close__title"
                >
                  fechar
                </p>
              </div>
              <h1
                class="header__logo"
              >
                <img
                  alt="Logo"
                  class="header__img"
                  src="assets/rchlo.svg"
                />
              </h1>
            </div>
            <div
              class="header__desktop"
            >
              <h1
                class="header__logo"
              >
                <img
                  alt="Logo"
                  class="header__img"
                  src="assets/riachuelo.svg"
                />
              </h1>
            </div>
            <div
              class="header__search"
            >
              <img
                alt="lupa"
                class="header__icon"
                src="assets/search.svg"
              />
              <input
                class="header__input"
                placeholder="O que você está procurando?"
                type="search"
              />
            </div>
            <nav
              class="header__menu menu"
            >
              <ul
                class="menu__list"
              />
            </nav>
          </div>
        </header>
        <main
          class="sc-iCoGMd cyvjnw"
        >
          <section
            class="sc-hKFxyN lnIpsV"
          >
            <nav>
              <ol
                class="breadcrumbs__list"
              />
            </nav>
          </section>
          <section
            class="sc-jSFjdj iAhyCY"
          >
            <ul
              class="filters__list"
            />
          </section>
          <section
            class="main__products products"
            data-testid="wrap"
          >
            <div
              class="products__row"
            >
              <ol
                class="products__list"
              />
            </div>
            <div
              class="products__row"
            >
              <ol
                class="products__list"
              />
            </div>
          </section>
        </main>
      </div>
      <footer
        class="sc-bdnxRM hYGqZW"
      >
        <section
          class="footer__contact"
        >
          <div
            class="footer__container contact"
          >
            <p
              class="contact__info"
            >
              Receba ofertas e novidades por e-mail
            </p>
            <form
              action="/"
            >
              <input
                class="contact__input"
                placeholder="Digite aqui seu e-mail"
                type="email"
              />
              <button
                class="contact__btn"
                type="submit"
              >
                <span
                  class="contact__btn__txt"
                >
                  Cadastrar
                </span>
              </button>
            </form>
            <p
              class="contact__msg-app"
            >
              Baixe nosso App
            </p>
            <div
              class="apps"
            >
              <a
                href="#home"
              >
                <img
                  alt="Google Play"
                  class="apps__img"
                  src="assets/google-play.webp"
                />
              </a>
              <a
                href="#home"
              >
                <img
                  alt="App Store"
                  class="apps__img"
                  src="assets/app-store.webp"
                />
              </a>
            </div>
          </div>
        </section>
        <section
          class="footer__links links"
        >
          <div
            class="footer__container links"
          >
            <div
              class="links__contacts"
            >
              <div
                class="col"
              >
                <a
                  class="contact-icon"
                  href="#home"
                >
                  <img
                    alt="Atendimento"
                    class="contact-icon__img"
                    src="assets/ico-attendance.svg"
                  />
                  <p
                    class="contact-icon__text"
                  >
                    Atendimento
                  </p>
                </a>
                <a
                  class="contact-icon"
                  href="#home"
                >
                  <img
                    alt="Perguntas Frequentes"
                    class="contact-icon__img"
                    src="assets/ico-faq.svg"
                  />
                  <p
                    class="contact-icon__text"
                  >
                    Perguntas Frequentes
                  </p>
                </a>
              </div>
              <div
                class="col"
              >
                <a
                  class="contact-icon"
                  href="#home"
                >
                  <img
                    alt="Fatura e Extrato"
                    class="contact-icon__img"
                    src="assets/ico-invoice-and-statement.svg"
                  />
                  <p
                    class="contact-icon__text"
                  >
                    Fatura e Extrato
                  </p>
                </a>
                <a
                  class="contact-icon"
                  href="#home"
                >
                  <img
                    alt="Trabalhe Conosco"
                    class="contact-icon__img"
                    src="assets/ico-work-with-us.svg"
                  />
                  <p
                    class="contact-icon__text"
                  >
                    Trabalhe Conosco
                  </p>
                </a>
              </div>
            </div>
            <hr
              class="links__separator"
            />
            <ul
              class="links__companies company-links"
            >
              <li
                class="company-links"
              >
                <h3
                  class="company-links__title"
                >
                  Cartão Riachuelo
                </h3>
                <ul>
                  <li
                    class="company-links__item"
                  >
                    <a
                      class="company-links__text"
                      href="#home"
                    >
                      Midway Financeira
                    </a>
                  </li>
                  <li
                    class="company-links__item"
                  >
                    <a
                      class="company-links__text"
                      href="#home"
                    >
                      Saiba como adquirir
                    </a>
                  </li>
                  <li
                    class="company-links__item"
                  >
                    <a
                      class="company-links__text"
                      href="#home"
                    >
                      Veja sua fatura e extrato
                    </a>
                  </li>
                  <li
                    class="company-links__item"
                  >
                    <a
                      class="company-links__text"
                      href="#home"
                    >
                      Buscando quitar suas dívidas?
                    </a>
                  </li>
                </ul>
              </li>
              <li
                class="company-links"
              >
                <h3
                  class="company-links__title"
                >
                  Sobre a Riachuelo
                </h3>
                <ul>
                  <li
                    class="company-links__item"
                  >
                    <a
                      class="company-links__text"
                      href="#home"
                    >
                      A Empresa
                    </a>
                  </li>
                  <li
                    class="company-links__item"
                  >
                    <a
                      class="company-links__text"
                      href="#home"
                    >
                      Portal de Fornecedores
                    </a>
                  </li>
                  <li
                    class="company-links__item"
                  >
                    <a
                      class="company-links__text"
                      href="#home"
                    >
                      Relação com Investidores
                    </a>
                  </li>
                  <li
                    class="company-links__item"
                  >
                    <a
                      class="company-links__text"
                      href="#home"
                    >
                      Assessoria de Imprensa
                    </a>
                  </li>
                  <li
                    class="company-links__item"
                  >
                    <a
                      class="company-links__text"
                      href="#home"
                    >
                      Trabalhe Conosco
                    </a>
                  </li>
                  <li
                    class="company-links__item"
                  >
                    <a
                      class="company-links__text"
                      href="#home"
                    >
                      Programa Jovem Aprendiz
                    </a>
                  </li>
                  <li
                    class="company-links__item"
                  >
                    <a
                      class="company-links__text"
                      href="#home"
                    >
                      Cadastro de Startups
                    </a>
                  </li>
                  <li
                    class="company-links__item"
                  >
                    <a
                      class="company-links__text"
                      href="#home"
                    >
                       
                      Mapa do Site
                       
                    </a>
                  </li>
                  <li
                    class="company-links__item"
                  >
                    <a
                      class="company-links__text"
                      href="#home"
                    >
                       
                      Guide Shop
                       
                    </a>
                  </li>
                  <li
                    class="company-links__item"
                  >
                    <a
                      class="company-links__text"
                      href="#home"
                    >
                      Venda na Riachuelo Marketplace
                    </a>
                  </li>
                </ul>
              </li>
              <li
                class="company-links"
              >
                <h3
                  class="company-links__title"
                >
                  Moda que Transforma
                </h3>
                <ul>
                  <li
                    class="company-links__item"
                  >
                    <a
                      class="company-links__text"
                      href="#home"
                    >
                      Na prática
                    </a>
                  </li>
                  <li
                    class="company-links__item"
                  >
                    <a
                      class="company-links__text"
                      href="#home"
                    >
                      Entre Costuras
                    </a>
                  </li>
                  <li
                    class="company-links__item"
                  >
                    <a
                      class="company-links__text"
                      href="#home"
                    >
                      Jeans Mais Transparente
                    </a>
                  </li>
                  <li
                    class="company-links__item"
                  >
                    <a
                      class="company-links__text"
                      href="#home"
                    >
                      Ações Covid-19
                    </a>
                  </li>
                  <li
                    class="company-links__item"
                  >
                    <a
                      class="company-links__text"
                      href="#home"
                    >
                      Free Free
                    </a>
                  </li>
                </ul>
              </li>
              <li
                class="company-links"
              >
                <h3
                  class="company-links__title"
                >
                  Ajuda
                </h3>
                <ul>
                  <li
                    class="company-links__item"
                  >
                    <a
                      class="company-links__text"
                      href="#home"
                    >
                      Atendimento
                    </a>
                  </li>
                  <li
                    class="company-links__item"
                  >
                    <a
                      class="company-links__text"
                      href="#home"
                    >
                      Perguntas Frequentes
                    </a>
                  </li>
                  <li
                    class="company-links__item"
                  >
                    <a
                      class="company-links__text"
                      href="#home"
                    >
                      Trocas e Devoluções
                    </a>
                  </li>
                  <li
                    class="company-links__item"
                  >
                    <a
                      class="company-links__text"
                      href="#home"
                    >
                      Portal da Privacidade
                    </a>
                  </li>
                  <li
                    class="company-links__item"
                  >
                    <a
                      class="company-links__text"
                      href="#home"
                    >
                      Política de Privacidade
                    </a>
                  </li>
                  <li
                    class="company-links__item"
                  >
                    <a
                      class="company-links__text"
                      href="#home"
                    >
                      Termos e Condições de Uso
                    </a>
                  </li>
                  <li
                    class="company-links__item"
                  >
                    <a
                      class="company-links__text"
                      href="#home"
                    >
                      Regras e Resultados de Sorteios
                    </a>
                  </li>
                </ul>
              </li>
            </ul>
          </div>
        </section>
        <section
          class="footer__payment"
        >
          <div
            class="footer__container payment"
          >
            <div
              class="payment__alternatives"
            >
              <h3
                class="payment__title"
              >
                Formas de Pagamento
              </h3>
              <img
                alt=""
                class="payment__img"
                src="assets/ico-cartao-rchlo1.webp"
              />
              <img
                alt=""
                class="payment__img"
                src="assets/ico-cartao-rchlo2.webp"
              />
              <img
                alt=""
                class="payment__img"
                src="assets/ico-cartao-rchlo3.webp"
              />
              <img
                alt=""
                class="payment__img"
                src="assets/ico-cartao-visa.png"
              />
              <img
                alt=""
                class="payment__img"
                src="assets/ico-cartao-master.webp"
              />
              <img
                alt=""
                class="payment__img"
                src="assets/ico-cartao-amex.webp"
              />
              <img
                alt=""
                class="payment__img"
                src="assets/ico-cartao-diners.png"
              />
              <img
                alt=""
                class="payment__img"
                src="assets/ico-cartao-elo.png"
              />
              <img
                alt=""
                class="payment__img"
                src="assets/ico-boleto.webp"
              />
              <img
                alt=""
                class="payment__img"
                src="assets/ico-paypal.png"
              />
            </div>
            <div
              class="payment__social"
            >
              <h3
                class="payment__title"
              >
                Siga a Riachuelo
              </h3>
              <div
                class="social__icons"
              >
                <div
                  class="social__icon icon"
                >
                  <a
                    href="#home"
                  >
                    <img
                      alt=""
                      class="icon__img"
                      src="assets/ico-facebook.svg"
                    />
                  </a>
                </div>
                <div
                  class="social__icon icon"
                >
                  <a
                    href="#home"
                  >
                    <img
                      alt=""
                      class="icon__img"
                      src="assets/ico-instagram.svg"
                    />
                  </a>
                  <p
                    class="icon__text"
                  >
                    RCHLO
                  </p>
                </div>
                <div
                  class="social__icon icon"
                >
                  <a
                    href="#home"
                  >
                    <img
                      alt=""
                      class="icon__img"
                      src="assets/ico-instagram.svg"
                    />
                  </a>
                  <p
                    class="icon__text"
                  >
                    CASA RCHLO
                  </p>
                </div>
                <div
                  class="social__icon icon"
                >
                  <a
                    href="#home"
                  >
                    <img
                      alt=""
                      class="icon__img"
                      src="assets/ico-pinterest.svg"
                    />
                  </a>
                </div>
                <div
                  class="social__icon icon"
                >
                  <a
                    href="#home"
                  >
                    <img
                      alt=""
                      class="icon__img"
                      src="assets/ico-twitter.svg"
                    />
                  </a>
                </div>
                <div
                  class="social__icon icon"
                >
                  <a
                    href="#home"
                  >
                    <img
                      alt=""
                      class="icon__img"
                      src="assets/ico-youtube.svg"
                    />
                  </a>
                </div>
                <div
                  class="social__icon icon"
                >
                  <a
                    href="#home"
                  >
                    <img
                      alt=""
                      class="icon__img"
                      src="assets/ico-linkedin.svg"
                    />
                  </a>
                </div>
              </div>
            </div>
            <div
              class="payment__accessibility"
            >
              <h3
                class="payment__title"
              >
                Acessibilidade
              </h3>
              <img
                alt=""
                src="assets/ico-a11y.webp"
              />
            </div>
          </div>
        </section>
        <section
          class="footer__bottom"
        >
          <div
            class="footer__container bottom"
          >
            <div
              class="copyright"
            >
              <p
                class="copyright__text"
              >
                © Copyright 2017 - 2019. Todos os direitos reservados. Lojas Riachuelo S/A. Rua Landri Sales, 1.070, G02 Anexo B, Guarulhos - SP - Brasil
                <br />
                CEP 07250-130 CNPJ 33.200.056/0441-97 | IE 796.420.926.112 | SAC 4003-0515.Direção de fotografia de produtos por Adriano Adrião.
                <br />
                Pagamento com Cartão Riachuelo, parcelas mínimas de R$ 15,00. Para os demais cartões Visa, Mastercard, Elo, Diners, Hipercard e American Express, parcelas mínimas de R$ 30,00.
                <br />
                * COMPRE NO SITE e RETIRE NA LOJA com FRETE GRÁTIS, conforme lojas participantes. Consulte as lojas participantes nas opções de frete do seu pedido, conforme CEP de entrega cadastrado.
                <br />
                Frete único de R$ 4,99 para Sul e Sudeste em compras a partir de R$ 129,00. Demais regiões o valor estará sujeito a variações. Condição por tempo indeterminado, para tipo de entrega “normal”.
                <br />
                Preços, promoções, condições de pagamento, valores de frete e disponibilidade de estoque são aplicados somente nas compras efetuadas na loja online Riachuelo. Existe uma limitação de peças iguais no mesmo pedido que muda de acordo com o tipo de produto.
                <br />
                Em caso de divergência de valores entre a página do produto e a Sacola de Compras, a Riachuelo se reserva a garantir o valor exibido na Sacola de Compras.
              </p>
            </div>
            <div
              class="copyright__stamp"
            >
              <img
                alt=""
                src="assets/ra1000.webp"
              />
            </div>
          </div>
        </section>
      </footer>
    </div>
  </div>,
  "debug": [Function],
  "findAllByAltText": [Function],
  "findAllByDisplayValue": [Function],
  "findAllByLabelText": [Function],
  "findAllByPlaceholderText": [Function],
  "findAllByRole": [Function],
  "findAllByTestId": [Function],
  "findAllByText": [Function],
  "findAllByTitle": [Function],
  "findByAltText": [Function],
  "findByDisplayValue": [Function],
  "findByLabelText": [Function],
  "findByPlaceholderText": [Function],
  "findByRole": [Function],
  "findByTestId": [Function],
  "findByText": [Function],
  "findByTitle": [Function],
  "getAllByAltText": [Function],
  "getAllByDisplayValue": [Function],
  "getAllByLabelText": [Function],
  "getAllByPlaceholderText": [Function],
  "getAllByRole": [Function],
  "getAllByTestId": [Function],
  "getAllByText": [Function],
  "getAllByTitle": [Function],
  "getByAltText": [Function],
  "getByDisplayValue": [Function],
  "getByLabelText": [Function],
  "getByPlaceholderText": [Function],
  "getByRole": [Function],
  "getByTestId": [Function],
  "getByText": [Function],
  "getByTitle": [Function],
  "queryAllByAltText": [Function],
  "queryAllByDisplayValue": [Function],
  "queryAllByLabelText": [Function],
  "queryAllByPlaceholderText": [Function],
  "queryAllByRole": [Function],
  "queryAllByTestId": [Function],
  "queryAllByText": [Function],
  "queryAllByTitle": [Function],
  "queryByAltText": [Function],
  "queryByDisplayValue": [Function],
  "queryByLabelText": [Function],
  "queryByPlaceholderText": [Function],
  "queryByRole": [Function],
  "queryByTestId": [Function],
  "queryByText": [Function],
  "queryByTitle": [Function],
  "rerender": [Function],
  "unmount": [Function],
}
`;
