// Jest Snapshot v1, https://goo.gl/fbAQLP

exports[`ProductInfo component should match snapshot 1`] = `
<div
  class="sc-dlnjwi jrnRLM"
>
  <div>
    Breadcrumbs
  </div>
  <div
    class="content"
  >
    <div
      class="img"
    >
      <img
        alt=""
        class="content__image"
        src="/assets/c1.webp"
      />
    </div>
    <div
      class="content__description"
    >
      <h2>
        Jaqueta Puffer Juvenil Com Capuz Super Mario Branco Tam 10 a 18
      </h2>
      <div
        class="sizes"
      >
        <p>
          Selecione um tamanho: 
          <span />
        </p>
        <div
          class="sizes__options"
        >
          <button
            class="sc-gtsrHT lehJRh"
            data-testid="option"
          >
            10
          </button>
          <button
            class="sc-gtsrHT lehJRh"
            data-testid="option"
          >
            12
          </button>
          <button
            class="sc-gtsrHT lehJRh"
            data-testid="option"
          >
            14
          </button>
          <button
            class="sc-gtsrHT lehJRh"
            data-testid="option"
          >
            16
          </button>
          <button
            class="sc-gtsrHT lehJRh"
            data-testid="option"
          >
            18
          </button>
        </div>
      </div>
      <div
        class="sc-bdnxRM frziFI"
      >
        <p>
          Vendido e entregue por 
          <span>
            RCHLO
          </span>
        </p>
        <div
          class="prices"
        >
          <strong>
            R$ 
            199,90
          </strong>
          <div>
            <span>
              Cartão de crédito 1x de R$ 
              199,90
            </span>
            <span>
              Cartão de crédito 3x de R$ 
              66,63
            </span>
          </div>
        </div>
        <button
          class="addBtn"
        >
          ADICIONAR À SACOLA
        </button>
        <div
          class="deliver"
        >
          <div
            class="deliver__info"
          >
            <svg
              color="#333"
              fill="none"
              height="20"
              stroke="currentColor"
              stroke-linecap="round"
              stroke-linejoin="round"
              stroke-width="2"
              style="color: rgb(51, 51, 51);"
              viewBox="0 0 24 24"
              width="20"
              xmlns="http://www.w3.org/2000/svg"
            >
              <rect
                height="13"
                width="15"
                x="1"
                y="3"
              />
              <polygon
                points="16 8 20 8 23 11 23 16 16 16 16 8"
              />
              <circle
                cx="5.5"
                cy="18.5"
                r="2.5"
              />
              <circle
                cx="18.5"
                cy="18.5"
                r="2.5"
              />
            </svg>
            <span>
              Consulte o frete
            </span>
            <input
              id="CEP"
              name="CEP"
              pattern="\\\\d{5}-\\\\d{3}"
              placeholder="______-___"
              required=""
            />
            <button>
              OK
            </button>
          </div>
          <p>
            Não sei meu cep
          </p>
        </div>
      </div>
    </div>
  </div>
</div>
`;
